// Jest Snapshot v1, https://goo.gl/fbAQLP

exports[`Audio component should contain mapped properties 1`] = `
<audio
  action="stop"
  debug={false}
  fileName="file_path/file.name"
  localPosition={
    Array [
      0,
      0,
      0,
    ]
  }
  localRotation={
    Array [
      0,
      0,
      0,
      1,
    ]
  }
  localScale={
    Array [
      1,
      1,
      1,
    ]
  }
  skipRaycast={false}
  soundLooping={true}
  soundMute={false}
  soundPitch={1}
  soundVolumeLinear={1}
  streamedFileOffset={0.5}
  visible={true}
/>
`;
