// Jest Snapshot v1, https://goo.gl/fbAQLP

exports[`Model component should contain mapped properties 1`] = `
<model
  animation={
    Object {
      "loops": 1,
      "name": "",
      "paused": false,
      "resourceId": 0,
    }
  }
  animationPauseState={false}
  animationPlaybackSpeed={1}
  animationTime={0}
  debug={false}
  importScale={1}
  localPosition={
    Array [
      0,
      0,
      0,
    ]
  }
  localRotation={
    Array [
      0,
      0,
      0,
      1,
    ]
  }
  localScale={
    Array [
      1,
      1,
      1,
    ]
  }
  localTransform={
    Array [
      1,
      0,
      0,
      0,
      0,
      1,
      0,
      0,
      0,
      0,
      1,
      0,
      0,
      0,
      0,
      0,
    ]
  }
  materialPath=""
  modelPath="file_path/file.name"
  modelResourceId={0}
  skipRaycast={false}
  texture={
    Object {
      "materialName": "",
      "textureId": 0,
      "textureSlot": "",
    }
  }
  visible={true}
/>
`;
