// Jest Snapshot v1, https://goo.gl/fbAQLP

exports[`Model component should contain mapped properties 1`] = `
<model
  animationPauseState={false}
  debug={false}
  importScale={1}
  localPosition={
    Array [
      0,
      0,
      0,
    ]
  }
  localRotation={
    Array [
      0,
      0,
      0,
      1,
    ]
  }
  localScale={
    Array [
      1,
      1,
      1,
    ]
  }
  modelPath="file_path/file.name"
  modelResourceId={12345}
  skipRaycast={false}
  visible={true}
/>
`;
