// Jest Snapshot v1, https://goo.gl/fbAQLP

exports[`Quad component should contain mapped properties 1`] = `
<quad
  debug={false}
  localPosition={
    Array [
      0,
      0,
      0,
    ]
  }
  localRotation={
    Array [
      0,
      0,
      0,
      1,
    ]
  }
  localScale={
    Array [
      1,
      1,
      1,
    ]
  }
  size={
    Array [
      0.5,
      0.4,
    ]
  }
  skipRaycast={false}
  texCoords={
    Array [
      Array [
        0,
        0,
      ],
      Array [
        1,
        0,
      ],
      Array [
        0,
        1,
      ],
      Array [
        1,
        1,
      ],
    ]
  }
  viewMode="full-area"
  visible={true}
/>
`;
